// Jest Snapshot v1, https://goo.gl/fbAQLP

exports[`should render ExpenseList with empty message 1`] = `
<div>
  <p>
    No Expenses
  </p>
</div>
`;

exports[`should render ExpenseList with expenses 1`] = `
<div>
  <ExpenseListItem
    amount={450}
    createdAt={0}
    description="Coffee"
    id="1"
    key="1"
    note=""
  />
  <ExpenseListItem
    amount={12400}
    createdAt={-345600000}
    description="Macys"
    id="2"
    key="2"
    note=""
  />
  <ExpenseListItem
    amount={1240}
    createdAt={345600000}
    description="Breakfast"
    id="3"
    key="3"
    note=""
  />
</div>
`;
